% во-ля, тра-ва, за-яц, га-ла-ва, ка-ва-лак,
% стра-ка-ты, пра-ве-рыць, пе-ра-кi-нуць.
% ся-стра, сяс-тра, сяст-ра
% во-стры, вос-тры, вост-ры
% пту-шка, птуш-ка
% кро-пля, кроп-ля
% ма-ста-цтва, мас-тац-тва, мас-тацт-ва;
% ра-змова, раз-мова
% за-става, зас-тава
% ра-скрыць, рас-крыць, раск-рыць
% бя-скрыўдна, бяс-крыўдна, бяск-рыўдна
% дзя-цi-нства, дзя-цiн-ства, дзя-цiнс-тва, дзя-цiнст-ва
% двац-цаць, два-ццаць
% калос-се, кало-ссе
% сол-лю, со-ллю
% памяц-цю, памя-ццю
% мыц-ца, мы-цца
% паа-бапал, па-абапал
% насен-не, насе-нне
